2026-06-12T11:28:56.039Z - Error: error: no existe la columna «longitude» en la relación «provincias»
    at ProvinceRepository.createAsync (file:///C:/Users/devandroid/Downloads/Nueva%20carpeta/tp_8/src/repositories/province.repository.js:63:24)
    at process.processTicksAndRejections (node:internal/process/task_queues:103:5)
    at async ProvinceService.createAsync (file:///C:/Users/devandroid/Downloads/Nueva%20carpeta/tp_8/src/services/province-service.js:20:19)
    at async file:///C:/Users/devandroid/Downloads/Nueva%20carpeta/tp_8/src/controllers/province-controller.js:30:17
2026-06-12T11:29:31.113Z - Error: error: no existe la columna «longitude» en la relación «provincias»
    at ProvinceRepository.createAsync (file:///C:/Users/devandroid/Downloads/Nueva%20carpeta/tp_8/src/repositories/province.repository.js:63:24)
    at process.processTicksAndRejections (node:internal/process/task_queues:103:5)
    at async ProvinceService.createAsync (file:///C:/Users/devandroid/Downloads/Nueva%20carpeta/tp_8/src/services/province-service.js:20:19)
    at async file:///C:/Users/devandroid/Downloads/Nueva%20carpeta/tp_8/src/controllers/province-controller.js:30:17
2026-06-12T11:29:42.184Z - Error: error: no existe la columna «longitude» en la relación «provincias»
    at ProvinceRepository.createAsync (file:///C:/Users/devandroid/Downloads/Nueva%20carpeta/tp_8/src/repositories/province.repository.js:63:24)
    at process.processTicksAndRejections (node:internal/process/task_queues:103:5)
    at async ProvinceService.createAsync (file:///C:/Users/devandroid/Downloads/Nueva%20carpeta/tp_8/src/services/province-service.js:20:19)
    at async file:///C:/Users/devandroid/Downloads/Nueva%20carpeta/tp_8/src/controllers/province-controller.js:30:17
2026-06-12T11:30:28.409Z - Se creó exitosamente province
2026-06-12T11:31:09.313Z - Se consiguió exitosamente province con id=1
2026-06-12T11:33:33.873Z - Se consiguió exitosamente province con id=1
2026-06-12T11:33:33.910Z - Se actualizó exitosamente province con id=1
2026-06-12T11:34:09.226Z - Se eliminó exitosamente province con id=1
